// Jest Snapshot v1, https://goo.gl/fbAQLP

exports[`Should match Snapshot 1`] = `
<DocumentFragment>
  <div
    class="Todo-app"
  >
    <form>
      <input
        class="new-task-input"
        id="task"
        name="task"
        placeholder="New Todo"
        type="text"
        value=""
      />
      <button
        class="add-task-btn"
      >
        Add
      </button>
    </form>
    <h3>
      Todo List:
    </h3>
    <ul
      class="Todo-list"
    />
  </div>
</DocumentFragment>
`;
